// Jest Snapshot v1, https://goo.gl/fbAQLP

exports[`<CardElement /> renders an element card 1`] = `
<Styled(WithStyles(Card))>
  <WithStyles(CardContent)>
    <Styled(WithStyles(Typography))
      align="center"
      component={[Function]}
      to="/products/undefined"
      variant="h5"
    >
      Test Product
    </Styled(WithStyles(Typography))>
    <Styled(WithStyles(Typography))
      align="center"
      component="p"
    >
      Product description
    </Styled(WithStyles(Typography))>
    <WithStyles(Typography)
      align="center"
      color="primary"
      component="h1"
      variant="h5"
    >
      23.6
      RON
    </WithStyles(Typography)>
    <Styled(WithStyles(CardActions))>
      <WithStyles(Button)
        color="primary"
        onClick={[Function]}
        size="small"
        variant="contained"
      >
        Add to cart
      </WithStyles(Button)>
    </Styled(WithStyles(CardActions))>
    <AlertDialog
      onHandleClose={[Function]}
      open={false}
      text="Test message"
      title="Request Status"
    />
  </WithStyles(CardContent)>
</Styled(WithStyles(Card))>
`;
