// Jest Snapshot v1, https://goo.gl/fbAQLP

exports[`<NavBar /> renders 1 <AppBar/> component 1`] = `
<main
  className={Object {}}
>
  <div
    className={Object {}}
  />
  <Switch>
    <Route
      component={[Function]}
      exact={true}
      path="/"
      strict={true}
    />
    <Route
      exact={true}
      path="/products/:id"
      render={[Function]}
      strict={true}
    />
    <Route
      component={[Function]}
      exact={true}
      path="/cart"
      strict={true}
    />
  </Switch>
</main>
`;
